/home/sjq/.conda/envs/sliders/lib/python3.9/site-packages/accelerate/utils/torch_xla.py:18: UserWarning: pkg_resources is deprecated as an API. See https://setuptools.pypa.io/en/latest/pkg_resources.html. The pkg_resources package is slated for removal as early as 2025-11-30. Refrain from using this package or pin to Setuptools<81.
  import pkg_resources
CUDA_VISIBLE_DEVICES = 1
device = cuda:0
[XBDPairDataset] total matched pairs: 770
urllib3.exceptions.SSLError: TLS/SSL connection has been closed (EOF) (_ssl.c:1147)

The above exception was the direct cause of the following exception:

Traceback (most recent call last):
  File "/home/sjq/.conda/envs/sliders/lib/python3.9/site-packages/requests/adapters.py", line 486, in send
    resp = conn.urlopen(
  File "/home/sjq/.conda/envs/sliders/lib/python3.9/site-packages/urllib3/connectionpool.py", line 841, in urlopen
    retries = retries.increment(
  File "/home/sjq/.conda/envs/sliders/lib/python3.9/site-packages/urllib3/util/retry.py", line 535, in increment
    raise MaxRetryError(_pool, url, reason) from reason  # type: ignore[arg-type]
urllib3.exceptions.MaxRetryError: HTTPSConnectionPool(host='huggingface.co', port=443): Max retries exceeded with url: /CompVis/stable-diffusion-v1-4/resolve/main/tokenizer/vocab.json (Caused by SSLError(SSLZeroReturnError(6, 'TLS/SSL connection has been closed (EOF) (_ssl.c:1147)')))

During handling of the above exception, another exception occurred:

Traceback (most recent call last):
  File "/home/sjq/concept_sliders/train/train_xbd_slider.py", line 560, in <module>
    main()
  File "/home/sjq/concept_sliders/train/train_xbd_slider.py", line 374, in main
    tokenizer, text_encoder, unet, vae = load_sd_components(
  File "/home/sjq/concept_sliders/train/diffusion_utils.py", line 53, in load_sd_components
    tokenizer = CLIPTokenizer.from_pretrained(model_id, subfolder="tokenizer")
  File "/home/sjq/.conda/envs/sliders/lib/python3.9/site-packages/transformers/tokenization_utils_base.py", line 1763, in from_pretrained
    resolved_vocab_files[file_id] = cached_file(
  File "/home/sjq/.conda/envs/sliders/lib/python3.9/site-packages/transformers/utils/hub.py", line 409, in cached_file
    resolved_file = hf_hub_download(
  File "/home/sjq/.conda/envs/sliders/lib/python3.9/site-packages/huggingface_hub/utils/_validators.py", line 118, in _inner_fn
    return fn(*args, **kwargs)
  File "/home/sjq/.conda/envs/sliders/lib/python3.9/site-packages/huggingface_hub/file_download.py", line 1238, in hf_hub_download
    metadata = get_hf_file_metadata(
  File "/home/sjq/.conda/envs/sliders/lib/python3.9/site-packages/huggingface_hub/utils/_validators.py", line 118, in _inner_fn
    return fn(*args, **kwargs)
  File "/home/sjq/.conda/envs/sliders/lib/python3.9/site-packages/huggingface_hub/file_download.py", line 1631, in get_hf_file_metadata
    r = _request_wrapper(
  File "/home/sjq/.conda/envs/sliders/lib/python3.9/site-packages/huggingface_hub/file_download.py", line 385, in _request_wrapper
    response = _request_wrapper(
  File "/home/sjq/.conda/envs/sliders/lib/python3.9/site-packages/huggingface_hub/file_download.py", line 408, in _request_wrapper
    response = get_session().request(method=method, url=url, **params)
  File "/home/sjq/.conda/envs/sliders/lib/python3.9/site-packages/requests/sessions.py", line 589, in request
    resp = self.send(prep, **send_kwargs)
  File "/home/sjq/.conda/envs/sliders/lib/python3.9/site-packages/requests/sessions.py", line 703, in send
    r = adapter.send(request, **kwargs)
  File "/home/sjq/.conda/envs/sliders/lib/python3.9/site-packages/huggingface_hub/utils/_http.py", line 67, in send
    return super().send(request, *args, **kwargs)
  File "/home/sjq/.conda/envs/sliders/lib/python3.9/site-packages/requests/adapters.py", line 517, in send
    raise SSLError(e, request=request)
requests.exceptions.SSLError: (MaxRetryError("HTTPSConnectionPool(host='huggingface.co', port=443): Max retries exceeded with url: /CompVis/stable-diffusion-v1-4/resolve/main/tokenizer/vocab.json (Caused by SSLError(SSLZeroReturnError(6, 'TLS/SSL connection has been closed (EOF) (_ssl.c:1147)')))"), '(Request ID: 76fd40f5-e61d-49ed-806d-235f4e2f6ed2)')
